Initializing storage at C:\Users\bills\AppData\Local\aws-cloudformation-languageserver
[Info  - 9:35:09 PM] AWS CloudFormation launched from C:\Users\bills\AppData\Local\aws\toolkits\language-servers\cloudformation-languageserver\1.4.0\cloudformation-languageserver-1.4.0-win32-x64-node22
[Info  - 9:35:09 PM] AWS CloudFormation is now listening...
[Info  - 9:35:09 PM] Registered for configuration changes
[Info  - 9:35:09 PM] Registered for workspace changes
[09:35:09 PM] INFO: [Init] AWS CloudFormation initializing...
    Service: "aws-cloudformation-languageserver-1.4.0"
    Environment: "production-prod"
    Process: "win32-x64"
    Machine: "Windows_NT-win32-x64-x86_64-10.0.19045"
    Runtime: "node=22.21.1 v8=14.2.231.22-electron.0 uv=1.51.0 modules=140"
    ClientInfo: {
      "name": "Visual Studio Code",
      "version": "1.109.5"
    }
    aws: {
      "clientInfo": {
        "extension": {
          "name": "amazonwebservices.cloudformation",
          "version": "1.0.0"
        },
        "clientId": "11111111-1111-1111-1111-111111111111"
      },
      "telemetryEnabled": false
    }
[09:35:09 PM] INFO: [TelemetryService] Telemetry disabled
[09:35:09 PM] INFO: [FileStore.Global] Initialized FileDB v2 and 24.5677 MB
[09:35:09 PM] INFO: [AwsCredentials] AWS credentials encrypted
[09:35:09 PM] INFO: [RuleConfiguration] Rule pack configuration updated
[09:35:09 PM] INFO: [GuardService] Loading rules from 1 rule packs: cis-aws-benchmark-level-1
[09:35:09 PM] INFO: [FeatureFlagProvider] Feature flags:
DynamicFeatureFlag(StaticFeatureFlag(feature=Constants, enabled=false))
DynamicTargetedFeatureFlag(StaticFeatureFlag(feature=EnhancedDryRun, enabled=true), LocalHostTargetedFeatureFlag(enabled=true, fleet=FleetTargetedFeatureFlag(feature=EnhancedDryRun, percentage=100)), StaticFeatureFlag(feature=EnhancedDryRun, enabled=true), RegionAllowlistFeatureFlag(feature=EnhancedDryRun, regions=[us-east-1, us-east-2, us-west-1, us-west-2, ca-central-1, ca-west-1, sa-east-1, mx-central-1, eu-north-1, eu-west-1, eu-west-2, eu-west-3, eu-central-1, eu-central-2, eu-south-1, eu-south-2, ap-east-1, ap-east-2, ap-south-1, ap-south-2, ap-northeast-1, ap-northeast-2, ap-northeast-3, ap-southeast-1, ap-southeast-2, ap-southeast-3, ap-southeast-4, ap-southeast-5, ap-southeast-7, me-south-1, me-central-1, af-south-1, il-central-1]))
[09:35:09 PM] INFO: [CfnServer] Setting up LSP handlers...
[09:35:09 PM] INFO: [GuardService] Loading rules from 1 rule packs: cis-aws-benchmark-level-1
[09:35:09 PM] INFO: [Init] AWS CloudFormation initialized
[09:35:09 PM] INFO: [GetPrivateSchemasTask] 0 private schemas retrieved
[09:35:09 PM] INFO: [SettingsManager] Settings updated: {profile: {region: 'us-east-2'}}
[09:35:09 PM] INFO: [SettingsManager] Settings updated: {
	diagnostics: {
		cfnLint: {includeChecks: {'0': 'I'}},
		cfnGuard: {
			enabledRulePacks: {'0': 'wa-Security-Pillar'},
			rulesFile: ''
		}
	},
	editor: {tabSize: 4}
}
[09:35:09 PM] INFO: [RuleConfiguration] Rule pack configuration updated
[09:35:09 PM] INFO: [GuardService] Loading rules from 1 rule packs: wa-Security-Pillar
[09:35:09 PM] INFO: [PyodideWorkerManager] Loading worker from: C:\Users\bills\AppData\Local\aws\toolkits\language-servers\cloudformation-languageserver\1.4.0\cloudformation-languageserver-1.4.0-win32-x64-node22\pyodide-worker.js
[09:35:09 PM] INFO: [GetPrivateSchemasTask] Skipping private schemas due to permissions issue
[09:35:09 PM] INFO: [GetPrivateSchemasTask] Skipping private schemas due to permissions issue
[09:35:22 PM] INFO: [CfnLintService] cfn-lint version: 1.43.2
[09:40:09 PM] INFO: [FeatureFlagProvider] Feature flags:
DynamicFeatureFlag(StaticFeatureFlag(feature=Constants, enabled=false))
DynamicTargetedFeatureFlag(StaticFeatureFlag(feature=EnhancedDryRun, enabled=true), LocalHostTargetedFeatureFlag(enabled=true, fleet=FleetTargetedFeatureFlag(feature=EnhancedDryRun, percentage=100)), StaticFeatureFlag(feature=EnhancedDryRun, enabled=true), RegionAllowlistFeatureFlag(feature=EnhancedDryRun, regions=[us-east-1, us-east-2, us-west-1, us-west-2, ca-central-1, ca-west-1, sa-east-1, mx-central-1, eu-north-1, eu-west-1, eu-west-2, eu-west-3, eu-central-1, eu-central-2, eu-south-1, eu-south-2, ap-east-1, ap-east-2, ap-south-1, ap-south-2, ap-northeast-1, ap-northeast-2, ap-northeast-3, ap-southeast-1, ap-southeast-2, ap-southeast-3, ap-southeast-4, ap-southeast-5, ap-southeast-7, me-south-1, me-central-1, af-south-1, il-central-1]))
AWS CloudFormation shutting down...
