2026-02-26 21:34:43.713 [info] Reading sessions from keychain...
2026-02-26 21:34:43.714 [info] Getting sessions for all scopes...
2026-02-26 21:34:43.714 [info] Got 0 sessions for ...
2026-02-26 21:34:43.714 [info] Getting sessions for all scopes...
2026-02-26 21:34:43.714 [info] Got 0 sessions for ...
2026-02-26 21:34:43.714 [info] Getting sessions for all scopes...
2026-02-26 21:34:43.714 [info] Got 0 sessions for ...
2026-02-26 21:34:43.714 [info] Getting sessions for all scopes...
2026-02-26 21:34:43.714 [info] Got 0 sessions for ...
2026-02-26 21:34:43.714 [info] Getting sessions for all scopes...
2026-02-26 21:34:43.714 [info] Got 0 sessions for ...
2026-02-26 21:34:43.714 [info] Getting sessions for all scopes...
2026-02-26 21:34:43.714 [info] Got 0 sessions for ...
2026-02-26 21:34:43.714 [info] Getting sessions for all scopes...
2026-02-26 21:34:43.714 [info] Got 0 sessions for ...
2026-02-26 21:34:43.727 [info] Getting sessions for all scopes...
2026-02-26 21:34:43.727 [info] Got 0 sessions for ...
2026-02-26 21:34:43.741 [info] Getting sessions for user:email...
2026-02-26 21:34:43.741 [info] Got 0 sessions for user:email...
2026-02-26 21:34:43.741 [info] Getting sessions for read:user,repo,user:email,workflow...
2026-02-26 21:34:43.741 [info] Got 0 sessions for read:user,repo,user:email,workflow...
2026-02-26 21:34:43.974 [info] Getting sessions for all scopes...
2026-02-26 21:34:43.974 [info] Got 0 sessions for ...
2026-02-26 21:34:43.974 [info] Getting sessions for all scopes...
2026-02-26 21:34:43.974 [info] Got 0 sessions for ...
2026-02-26 21:34:43.974 [info] Getting sessions for all scopes...
2026-02-26 21:34:43.974 [info] Got 0 sessions for ...
2026-02-26 21:34:44.017 [info] Getting sessions for user:email...
2026-02-26 21:34:44.017 [info] Got 0 sessions for user:email...
2026-02-26 21:34:44.018 [info] Getting sessions for read:user,repo,user:email,workflow...
2026-02-26 21:34:44.018 [info] Got 0 sessions for read:user,repo,user:email,workflow...
2026-02-26 21:34:44.246 [info] Getting sessions for all scopes...
2026-02-26 21:34:44.246 [info] Got 0 sessions for ...
2026-02-26 21:34:44.531 [info] Getting sessions for user:email...
2026-02-26 21:34:44.531 [info] Got 0 sessions for user:email...
2026-02-26 21:34:44.568 [info] Getting sessions for all scopes...
2026-02-26 21:34:44.568 [info] Got 0 sessions for ...
2026-02-26 21:34:44.568 [info] Getting sessions for all scopes...
2026-02-26 21:34:44.568 [info] Got 0 sessions for ...
2026-02-26 21:34:44.623 [info] Getting sessions for user:email...
2026-02-26 21:34:44.623 [info] Got 0 sessions for user:email...
2026-02-26 21:34:44.623 [info] Getting sessions for read:user,repo,user:email,workflow...
2026-02-26 21:34:44.623 [info] Got 0 sessions for read:user,repo,user:email,workflow...
2026-02-26 21:34:50.523 [info] Getting sessions for all scopes...
2026-02-26 21:34:50.523 [info] Got 0 sessions for ...
2026-02-26 21:34:50.591 [info] Getting sessions for all scopes...
2026-02-26 21:34:50.591 [info] Got 0 sessions for ...
2026-02-26 21:34:53.323 [info] Getting sessions for all scopes...
2026-02-26 21:34:53.323 [info] Got 0 sessions for ...
2026-02-26 21:34:53.580 [info] Getting sessions for read:user,repo,user:email,workflow...
2026-02-26 21:34:53.580 [info] Got 0 sessions for read:user,repo,user:email,workflow...
2026-02-26 21:34:53.687 [info] Getting sessions for all scopes...
2026-02-26 21:34:53.687 [info] Got 0 sessions for ...
2026-02-26 21:34:53.791 [info] Getting sessions for read:user,repo,user:email,workflow...
2026-02-26 21:34:53.791 [info] Got 0 sessions for read:user,repo,user:email,workflow...
